[www.convertcsv.com/index.html]
[www.convertcsv.com/GET]
[www.convertcsv.com/detroitchicago/boise.js]
[www.convertcsv.com/detroitchicago/boise420f.js]
[www.convertcsv.com/parsonsmaize/abilene.js]
[www.convertcsv.com/parsonsmaize/abilene9a5c.js]
[www.convertcsv.com/parsonsmaize/mulvane.js]
[www.convertcsv.com/parsonsmaize/mulvane45f7.js]
[www.convertcsv.com/parsonsmaize/olathe.js]
[www.convertcsv.com/parsonsmaize/olathed472.js]
[www.convertcsv.com/porpoiseant/et.js]
[www.convertcsv.com/porpoiseant/et420f.js]
[www.convertcsv.com/detroitchicago/raleigh.js]
[www.convertcsv.com/detroitchicago/raleigh2693.js]
[www.convertcsv.com/detroitchicago/vista.js]
[www.convertcsv.com/detroitchicago/vista45f7.js]
[www.convertcsv.com/detroitchicago/tampa.js]
[www.convertcsv.com/detroitchicago/tampa45f7.js]
[https://maxcdn.bootstrapcdn.com/bootstrap/4.0.0/css/bootstrap.min.css]
[https://use.fontawesome.com/releases/v5.1.0/css/all.css]
[https://cdnjs.cloudflare.com/ajax/libs/cookieconsent2/3.1.0/cookieconsent.min.css]
[backblue.gif]
[fade.gif]
[index.html]
[www.convertcsv.com/js/main.css]
[www.convertcsv.com/Images/ConvertCSVlogo.png]
[www.convertcsv.com/contact.html]
[www.convertcsv.com/products/index.html]
[www.convertcsv.com/PrivacyPolicy.html]
[www.convertcsv.com/changelog.html]
[www.convertcsv.com/terms-of-use.html]
[az743702.vo.msecnd.net/cdn/kofi25e1f.png]
[www.convertcsv.com/assets/images/file-to-csv.svg]
[www.convertcsv.com/newsite/index.html]
[www.convertcsv.com/fixed-width-to-csv.html]
[www.convertcsv.com/geojson-to-csv.html]
[www.convertcsv.com/html-links-to-csv.html]
[www.convertcsv.com/html-table-to-csv.html]
[www.convertcsv.com/json-to-csv.html]
[www.convertcsv.com/kml-to-csv.html]
[www.convertcsv.com/sql-to-csv.html]
[www.convertcsv.com/xml-to-csv.html]
[www.convertcsv.com/yaml-to-csv.html]
[www.convertcsv.com/assets/images/csv-to-file.svg]
[www.convertcsv.com/csv-to-csv.html]
[www.convertcsv.com/csv-to-flat-file.html]
[www.convertcsv.com/csv-to-geojson.html]
[www.convertcsv.com/csv-to-html.html]
[www.convertcsv.com/csv-to-json.html]
[www.convertcsv.com/csv-to-kml.html]
[www.convertcsv.com/csv-to-markdown.html]
[www.convertcsv.com/csv-to-multiline-data.html]
[www.convertcsv.com/csv-to-pdf.html]
[www.convertcsv.com/csv-to-sql.html]
[www.convertcsv.com/csv-to-word.html]
[www.convertcsv.com/csv-to-xml.html]
[www.convertcsv.com/csv-to-yaml.html]
[www.convertcsv.com/excel-to-jira.html]
[www.convertcsv.com/assets/images/csv-tools.svg]
[www.convertcsv.com/csv-viewer-editor.html]
[www.convertcsv.com/sqlite-online.html]
[www.convertcsv.com/split-pdf.html]
[www.convertcsv.com/csv-to-template-output.html]
[www.convertcsv.com/generate-test-data.html]
[www.convertcsv.com/text-split.html]
[www.convertcsv.com/email-extractor.html]
[www.convertcsv.com/phone-extractor.html]
[www.convertcsv.com/url-extractor.html]
[www.convertcsv.com/text-extractor.html]
[www.convertcsv.com/query-csv.html]
[www.convertcsv.com/sanddance.html]
[www.convertcsv.com/transpose-csv.html]
[www.convertcsv.com/pivot-csv.html]
[www.convertcsv.com/csv-escape-tool.html]
[www.convertcsv.com/edatool/index.html]
[www.convertcsv.com/assets/images/flexible.svg]
[www.convertcsv.com/assets/images/xcel.svg]
[www.convertcsv.com/assets/images/paste.svg]
[www.convertcsv.com/assets/images/sql.svg]
[www.convertcsv.com/assets/images/extract.svg]
[www.convertcsv.com/assets/images/filter.svg]
[www.convertcsv.com/assets/images/quotes.svg]
[www.convertcsv.com/assets/images/backslash.svg]
[www.convertcsv.com/assets/images/engine.svg]
[www.convertcsv.com/assets/images/checks.svg]
[www.convertcsv.com/assets/images/support.svg]
[www.convertcsv.com/assets/images/security.svg]
[ajax.googleapis.com/ajax/libs/jquery/3.4.1/jquery.min.js]
[https://cdnjs.cloudflare.com/ajax/libs/popper.js/1.12.9/umd/popper.min.js]
[https://maxcdn.bootstrapcdn.com/bootstrap/4.0.0/js/bootstrap.min.js]
[https://cdnjs.cloudflare.com/ajax/libs/cookieconsent2/3.1.0/cookieconsent.min.js]
[www.convertcsv.com/js/main-ui.js]
[www.convertcsv.com/tardisrocinante/vitals.js]
[www.convertcsv.com/tardisrocinante/vitals5038.js]
[www.convertcsv.com/audins.js]
[go.ezodn.com/detroitchicago/audins0d9f.js]
[pixel.quantserve.com/pixel/p-31iz6hfFutd169470.gif]
[www.convertcsv.com/beardeddragon/drake.js]
[www.convertcsv.com/beardeddragon/drakeadb4.js]
[www.convertcsv.com/parsonsmaize/chanute.js]
[www.convertcsv.com/parsonsmaize/chanute521b.js]
[www.convertcsv.com/porpoiseant/jellyfish.js]
[www.convertcsv.com/index.html]
[www.convertcsv.com/GET.html]
[www.convertcsv.com/porpoiseant/jellyfishac66.js]
[https://maxcdn.bootstrapcdn.com/bootstrap/4.0.0/css/bootstrap.min.css]
[https://use.fontawesome.com/releases/v5.1.0/css/all.css]
[https://cdnjs.cloudflare.com/ajax/libs/cookieconsent2/3.1.0/cookieconsent.min.css]
[www.convertcsv.com/js/main.css]
[www.convertcsv.com/assets/images/csv-bg.png]
[www.convertcsv.com/products/GET.63.delayed]
[www.convertcsv.com/images/Final_ConvertCSV_Product1.png]
[www.convertcsv.com/images/buynow.png]
[www.convertcsv.com/docs/index.html]
[transactions.sendowl.com/assets/sendowl.js]
[www.convertcsv.com/images/Final_ConvertCSV_Product2.png]
[www.convertcsv.com/cdn-cgi/l/email-protection.html]
[www.convertcsv.com/images/jsoncsvgui.jpg]
[transactions.sendowl.com/assets/external/buy-now.png]
[www.convertcsv.com/cdn-cgi/scripts/5c5dd728/cloudflare-static/email-decode.min.js]
[www.convertcsv.com/EULA-ConvertCSV.pdf]
[www.convertcsv.com/products/audins.js]
[www.convertcsv.com/products/index.html]
[stackpath.bootstrapcdn.com/bootstrap/4.4.1/css/bootstrap.min.css]
[www.convertcsv.com/Styles/tool-pages.css]
[www.convertcsv.com/Styles/main.css]
[www.convertcsv.com/index-2.html]
[www.convertcsv.com/ChangeLog-2.html]
[www.convertcsv.com/products/index-2.html]
[www.convertcsv.com/changeLog-3.html]
[code.jquery.com/jquery-3.4.1.slim.min.js]
[cdn.jsdelivr.net/npm/popper.js@1.16.0/dist/umd/popper.min.js]
[www.convertcsv.com/contact.html]
[stackpath.bootstrapcdn.com/bootstrap/4.4.1/js/bootstrap.min.js]
[www.convertcsv.com/PrivacyPolicy.html]
[www.convertcsv.com/JS/main-ui-2.js]
[www.convertcsv.com/detroitchicago/ezd453e.js]
[www.convertcsv.com/Contact ConvertCsv.com.html]
[www.convertcsv.com/Convertcsv.com Change Log.html]
[www.convertcsv.com/csv-viwer-editor.htm]
[www.convertcsv.com/changelog.html]
[www.convertcsv.com/terms-of-use.html]
[www.convertcsv.com/newsite/GET]
[www.convertcsv.com/newsite/Styles/cookieconsent.min.css]
[www.convertcsv.com/newsite/Styles/main5e1f.css]
[pagead2.googlesyndication.com/pagead/js/f.txt]
[www.convertcsv.com/Images/convertcsvlogo-2.png]
[www.convertcsv.com/newsite/privacypolicy.html]
[www.convertcsv.com/newsite/changelog.html]
[www.convertcsv.com/newsite/terms-of-use.html]
[www.convertcsv.com/images/ad_2_2022.png]
[www.convertcsv.com/newsite/Images/file-to-csv.svg]
[www.convertcsv.com/newsite/fixed-width-to-csv.html]
[www.convertcsv.com/newsite/geojson-to-csv.html]
[www.convertcsv.com/newsite/html-links-to-csv.html]
[www.convertcsv.com/newsite/html-table-to-csv.html]
[www.convertcsv.com/newsite/json-to-csv.html]
[www.convertcsv.com/newsite/kml-to-csv.html]
[www.convertcsv.com/newsite/sql-to-csv.html]
[www.convertcsv.com/newsite/xml-to-csv.html]
[www.convertcsv.com/newsite/yaml-to-csv.html]
[www.convertcsv.com/newsite/Images/csv-to-file.svg]
[www.convertcsv.com/newsite/csv-to-csv.html]
[www.convertcsv.com/newsite/csv-to-flat-file.html]
[www.convertcsv.com/newsite/csv-to-geojson.html]
[www.convertcsv.com/newsite/csv-to-html.html]
[www.convertcsv.com/newsite/csv-to-json.html]
[www.convertcsv.com/newsite/csv-to-kml.html]
[www.convertcsv.com/newsite/csv-to-markdown.html]
[www.convertcsv.com/newsite/csv-to-pdf.html]
[www.convertcsv.com/newsite/csv-to-sql.html]
[www.convertcsv.com/newsite/csv-to-xml.html]
[www.convertcsv.com/newsite/csv-to-yaml.html]
[www.convertcsv.com/newsite/Images/csv-tools.svg]
[www.convertcsv.com/newsite/csv-viewer-editor.html]
[www.convertcsv.com/newsite/split-pdf.html]
[www.convertcsv.com/newsite/csv-escape-tool.html]
[www.convertcsv.com/newsite/pivot-csv.html]
[www.convertcsv.com/newsite/transpose-csv.html]
[www.convertcsv.com/newsite/csv-to-template-output.html]
[www.convertcsv.com/newsite/generate-test-data.html]
[www.convertcsv.com/newsite/email-extractor.html]
[www.convertcsv.com/newsite/phone-extractor.html]
[www.convertcsv.com/newsite/url-extractor.html]
[www.convertcsv.com/newsite/query-csv.html]
[www.convertcsv.com/newsite/Images/flexible.svg]
[www.convertcsv.com/newsite/Images/xcel.svg]
[www.convertcsv.com/newsite/Images/paste.svg]
[www.convertcsv.com/newsite/Images/sql.svg]
[www.convertcsv.com/newsite/Images/extract.svg]
[www.convertcsv.com/newsite/Images/filter.svg]
[www.convertcsv.com/newsite/Images/quotes.svg]
[www.convertcsv.com/newsite/Images/backslash.svg]
[www.convertcsv.com/newsite/Images/engine.svg]
[www.convertcsv.com/newsite/Images/checks.svg]
[www.convertcsv.com/newsite/Images/support.svg]
[www.convertcsv.com/newsite/Images/security.svg]
[www.convertcsv.com/command-line.htm]
[www.convertcsv.com/newsite/contact.html]
[www.convertcsv.com/newsite/Images/convert-csv-logo.svg]
[www.convertcsv.com/newsite/JS/cookieconsent.min.js]
[www.convertcsv.com/newsite/JS/storagesup.js]
[www.convertcsv.com/newsite/JS/main-ui3860.js]
[www.convertcsv.com/newsite/audins.js]
[www.convertcsv.com/newsite/index.html]
[www.convertcsv.com/assets/images/file-to-csv.svg]
[www.convertcsv.com/js/underscore-min.js]
[www.convertcsv.com/js/blob.js]
[www.convertcsv.com/js/filesaver.js]
[www.convertcsv.com/js/storagesup.js]
[www.convertcsv.com/strsupbea6.js]
[www.convertcsv.com/localreadc164.js]
[www.convertcsv.com/csvparsebea6.js]
[www.convertcsv.com/csvsup7893.js]
[https://cdnjs.cloudflare.com/ajax/libs/font-awesome/4.7.0/css/font-awesome.min.css]
[https://maxcdn.bootstrapcdn.com/bootstrap/3.3.7/css/bootstrap.min.css]
[ajax.googleapis.com/ajax/libs/jquery/3.2.1/jquery.min.js]
[https://maxcdn.bootstrapcdn.com/bootstrap/3.3.7/js/bootstrap.min.js]
[cdn.jsdelivr.net/alasql/0.3.8/alasql.min.js]
[https://cdnjs.cloudflare.com/ajax/libs/xlsx/0.11.5/xlsx.full.min.js]
[cdn.jsdelivr.net/npm/moment@2.20.1/moment.js]
[www.convertcsv.com/fixed-width-to-csv.html]
[www.convertcsv.com/js/custom3860.css]
[www.convertcsv.com/geojson-to-csv.html]
[www.convertcsv.com/json2e42d.js]
[www.convertcsv.com/json2.js]
[https://cdnjs.cloudflare.com/ajax/libs/alasql/0.6.1/alasql.min.js]
[cdn.thisiswaldo.com/static/js/9400.js]
[www.convertcsv.com/html-links-to-csv.html]
[https://cdnjs.cloudflare.com/ajax/libs/xlsx/0.16.7/xlsx.full.min.js]
[www.convertcsv.com/csvsup1eb0.js]
[https://cdnjs.cloudflare.com/ajax/libs/alasql/0.6.2/alasql.min.js]
[https://cdnjs.cloudflare.com/ajax/libs/xlsx/0.17.2/xlsx.core.min.js]
[www.convertcsv.com/window[_0x463389(0x1a7]
[www.convertcsv.com/html-table-to-csv.html]
[www.convertcsv.com/json267d9.js]
[www.convertcsv.com/js/jQuery-csv5e1f.js]
[https://cdnjs.cloudflare.com/ajax/libs/xlsx/0.14.0/xlsx.full.min.js]
[www.convertcsv.com/images/Final_ConvertCSV_Ad_Words_728x90.jpg]
[www.convertcsv.com/images/new.gif]
[www.convertcsv.com/json-to-csv.html]
[www.convertcsv.com/js/x2js.js]
[www.convertcsv.com/js/jQuery-csv.js]
[www.convertcsv.com/test.kml]
[www.convertcsv.com/kml-to-csv.html]
[www.convertcsv.com/js/csvdatesup.js]
[www.convertcsv.com/localread8e0e.js]
[https://cdnjs.cloudflare.com/ajax/libs/codemirror/5.58.1/codemirror.css]
[https://cdnjs.cloudflare.com/ajax/libs/codemirror/5.58.1/codemirror.js]
[www.convertcsv.com/sql.js]
[www.convertcsv.com/sql-to-csv.html]
[www.convertcsv.com/xml-to-csv.html]
[https://cdnjs.cloudflare.com/ajax/libs/codemirror/5.58.1/mode/sql/sql.min.js]
[www.convertcsv.com/yaml-to-csv.html]
[www.convertcsv.com/assets/images/csv-to-file.svg]
[www.convertcsv.com/js/yaml5e1f.js]
[www.convertcsv.com/csvparse8e0e.js]
[www.convertcsv.com/csvsup.js]
[https://cdnjs.cloudflare.com/ajax/libs/alasql/0.4.6/alasql.min.js]
[www.convertcsv.com/images/Final_ConvertCSV_Ad_Words_300x600.jpg]
[www.convertcsv.com/images/cryptodatadownload_banner.jpg]
[go.ezodn.com/utilcave_com/ezoic.png]
[www.convertcsv.com/csv-to-csv.html]
[g.ezodn.com/cmp/v2/v7b30.js]
[www.convertcsv.com/csvsup4290.js]
[pagead2.googlesyndication.com/pagead/js/f7820.txt]
[www.convertcsv.com/csv-to-flat-file.html]
[www.convertcsv.com/json23860.js]
[www.convertcsv.com/js/spin.min.js]
[www.convertcsv.com/js/spinit.js]
[www.convertcsv.com/csv-to-geojson.html]
[www.convertcsv.com/js/mapsup68b3.js]
[www.convertcsv.com/strsupc164.js]
[www.convertcsv.com/csvparse90ab.js]
[cdn.jsdelivr.net/npm/numbro@2.3.1/dist/numbro.min.js]
[cdn.datatables.net/1.10.23/css/jquery.dataTables.css]
[www.convertcsv.com/csv-to-html.html]
[cdn.datatables.net/1.10.23/js/jquery.dataTables.js]
[www.convertcsv.com/strsup8e0e.js]
[www.convertcsv.com/js/csvsup2.js]
[www.convertcsv.com/csv-to-json.html]
[www.convertcsv.com/csv-to-kml.html]
[www.convertcsv.com/js/csvsup2.2.js]
[www.convertcsv.com/csv-to-markdown.html]
[www.convertcsv.com/csv-to-multiline-data.html]
[www.convertcsv.com/strsupb6f5.js]
[www.convertcsv.com/js/pdfmake.min.js]
[www.convertcsv.com/js/vfs_fonts.js]
[www.convertcsv.com/convertcsv.pdf]
[www.convertcsv.com/csv-to-pdf.html]
[www.convertcsv.com/js/csvsup.js]
[www.convertcsv.com/js/csvdatesup5e1f.js]
[www.convertcsv.com/csv-to-sql.html]
[www.convertcsv.com/csv-to-word.html]
[unpkg.com/docx@5.0.2/build/index.js]
[www.convertcsv.com/js/jsxmlparser.js]
[www.convertcsv.com/js/jsonsup.js]
[www.convertcsv.com/csv-to-xml.html]
[www.convertcsv.com/csv-to-yaml.html]
[www.convertcsv.com/excel-to-jira.html]
[www.convertcsv.com/assets/images/csv-tools.svg]
[www.convertcsv.com/js/pretty.js]
[www.convertcsv.com/js/grid/jquery.handsontable.full.js]
[www.convertcsv.com/csv-viewer-editor.html]
[www.convertcsv.com/js/grid/jquery.handsontable.full.css]
[www.convertcsv.com/js/codemirror.css]
[www.convertcsv.com/js/sqlite-online.css]
[www.convertcsv.com/js/codemirror.js]
[https://cdnjs.cloudflare.com/ajax/libs/xlsx/0.8.0/xlsx.full.min.js]
[cdn.datatables.net/buttons/2.2.3/css/buttons.dataTables.min.css]
[cdn.datatables.net/buttons/2.2.3/js/dataTables.buttons.min.js]
[https://cdnjs.cloudflare.com/ajax/libs/pdfmake/0.1.53/pdfmake.min.js]
[https://cdnjs.cloudflare.com/ajax/libs/pdfmake/0.1.53/vfs_fonts.js]
[cdn.datatables.net/buttons/1.7.0/js/buttons.html5.min.js]
[cdn.datatables.net/buttons/1.7.0/js/buttons.print.min.js]
[www.convertcsv.com/js/sql.min.js]
[www.convertcsv.com/sqlite-online.html]
[www.convertcsv.com/js/myworker.js]
[www.convertcsv.com/newsite/JS/underscore-min.js]
[www.convertcsv.com/newsite/JS/strsup.js]
[www.convertcsv.com/newsite/JS/localread5e1f.js]
[www.convertcsv.com/newsite/JS/blob.js]
[www.convertcsv.com/newsite/JS/vfs_fonts.js]
[www.convertcsv.com/newsite/JS/filesaver.js]
[www.convertcsv.com/newsite/JS/csvsup5e1f.js]
[www.convertcsv.com/newsite/JS/jquery.min.js]
[www.convertcsv.com/newsite/JS/bootstrap.min.js]
[www.convertcsv.com/Styles/tool-pages-new.css]
[www.convertcsv.com/newsite/js/split-pdf.js]
[www.convertcsv.com/Images/csv-to-file-icon.svg]
[www.convertcsv.com/Images/file-to-csv-icon.svg]
[www.convertcsv.com/Images/csv-tools-icon.svg]
[www.convertcsv.com/Images/convert-csv-logo.svg]
[www.convertcsv.com/privacypolicy-2.html]
[www.convertcsv.com/split-pdf.html]
[www.convertcsv.com/csv-to-template-output.html]
[www.convertcsv.com/newsite/JS/main-ui.js]
[www.convertcsv.com/generate-test-data.html]
[www.convertcsv.com/js/chance.js]
[https://cdnjs.cloudflare.com/ajax/libs/jszip/3.7.1/jszip.min.js]
[www.convertcsv.com/convertcsv.zip]
[www.ddginc-usa.com/images/wordlehintsmall.gif]
[www.convertcsv.com/text-split.html]
[www.convertcsv.com/email-extractor.html]
[www.convertcsv.com/phone-extractor.html]
[www.convertcsv.com/url-extractor.html]
[www.convertcsv.com/text-extractor.html]
[www.convertcsv.com/query-csv.html]
[cdn.jsdelivr.net/npm/alasql@1.7.3/dist/alasql.min.js]
[www.convertcsv.com/SandDanceIncludes/sanddance-app.css]
[www.convertcsv.com/SandDanceIncludes/sanddance-app-site.css]
[www.convertcsv.com/SandDanceIncludes/react.development.js]
[www.convertcsv.com/SandDanceIncludes/react-dom.development.js]
[www.convertcsv.com/sanddance.html]
[www.convertcsv.com/SandDanceIncludes/sanddance-app.js]
[www.convertcsv.com/edatool/GET]
[www.convertcsv.com/edatool/_js/vendor/jquery/jquery.js]
[www.convertcsv.com/edatool/_js/vendor/jquery/jquery.csv-0.71.min.js]
[www.convertcsv.com/edatool/_js/vendor/jquery/jquery-ajax-blob-arraybuffer.js]
[www.convertcsv.com/edatool/_js/vendor/papaparse.min.js]
[www.convertcsv.com/edatool/_js/vendor/lodash.min.js]
[www.convertcsv.com/edatool/_js/vendor/twitter-bootstrap/js/bootstrap.js]
[www.convertcsv.com/edatool/_js/vendor/d3/d3.js]
[www.convertcsv.com/edatool/_js/vendor/shim.js]
[www.convertcsv.com/edatool/_js/vendor/jszip.min.js]
[www.convertcsv.com/edatool/_js/vendor/xls/xlsx.js]
[www.convertcsv.com/edatool/_js/vendor/xls/xls.js]
[www.convertcsv.com/edatool/_js/vendor/moment.js]
[www.convertcsv.com/edatool/_js/vendor/moment.parseFormat.js]
[www.convertcsv.com/edatool/_js/vendor/readable-range.js]
[www.convertcsv.com/edatool/_js/vendor/metricsgraphics/metricsgraphics.min.js]
[www.convertcsv.com/edatool/_js/vendor/spin.min.js]
[www.convertcsv.com/edatool/_js/meta-reader.suggestions.js]
[www.convertcsv.com/edatool/_js/meta-reader.js]
[www.convertcsv.com/edatool/_js/meta-reader.charts.js]
[www.convertcsv.com/edatool/_js/vendor/FileSaver.min.js]
[www.convertcsv.com/edatool/_js/vendor/saveSvgAsPng.js]
[www.convertcsv.com/edatool/_js/script.js]
[www.convertcsv.com/edatool/_js/vendor/twitter-bootstrap/css/bootstrap.css]
[www.convertcsv.com/edatool/_js/vendor/twitter-bootstrap/css/sb-admin.css]
[www.convertcsv.com/edatool/_css/style.css]
[www.convertcsv.com/edatool/_js/vendor/metricsgraphics/metricsgraphics.css]
[www.convertcsv.com/edatool/_css/meta-reader-charts.css]
[www.convertcsv.com/edatool/index-2.html]
[www.convertcsv.com/edatool/audins.js]
[www.convertcsv.com/edatool/index.html]
[www.convertcsv.com/transpose-csv.html]
[www.convertcsv.com/EDATool/index-3.html]
[https://cdnjs.cloudflare.com/ajax/libs/c3/0.4.10/c3.min.css]
[https://cdnjs.cloudflare.com/ajax/libs/jquery/1.11.2/jquery.min.js]
[https://cdnjs.cloudflare.com/ajax/libs/jqueryui/1.11.4/jquery-ui.min.js]
[https://cdnjs.cloudflare.com/ajax/libs/d3/3.5.5/d3.min.js]
[https://cdnjs.cloudflare.com/ajax/libs/jqueryui-touch-punch/0.2.3/jquery.ui.touch-punch.min.js]
[https://cdnjs.cloudflare.com/ajax/libs/jquery-csv/0.71/jquery.csv-0.71.min.js]
[https://cdnjs.cloudflare.com/ajax/libs/c3/0.4.10/c3.min.js]
[www.convertcsv.com/js/pivot.css]
[www.convertcsv.com/js/pivot.js]
[www.convertcsv.com/js/d3_renderers.js]
[www.convertcsv.com/js/c3_renderers.js]
[www.convertcsv.com/pivot-csv.html]
[www.convertcsv.com/js/export_renderers.js]
[www.convertcsv.com/csv-escape-tool.html]
[www.convertcsv.com/assets/images/flexible.svg]
[www.convertcsv.com/assets/images/xcel.svg]
[www.convertcsv.com/assets/images/paste.svg]
[www.convertcsv.com/assets/images/sql.svg]
[www.convertcsv.com/assets/images/extract.svg]
[www.convertcsv.com/assets/images/filter.svg]
[www.convertcsv.com/assets/images/quotes.svg]
[www.convertcsv.com/assets/images/backslash.svg]
[www.convertcsv.com/assets/images/engine.svg]
[www.convertcsv.com/assets/images/checks.svg]
[www.convertcsv.com/assets/images/support.svg]
[www.convertcsv.com/assets/images/security.svg]
[www.convertcsv.com/js/main-ui.js]
[www.convertcsv.com/audins.html]
[www.convertcsv.com/products/GET.html]
[www.convertcsv.com/js/csvlinks8e0e.js]
[www.convertcsv.com/docs/GET.159.delayed]
[www.convertcsv.com/docs/_static/alabaster.css]
[www.convertcsv.com/docs/_static/pygments.css]
[www.convertcsv.com/docs/_static/documentation_options.js]
[www.convertcsv.com/docs/_static/jquery.js]
[www.convertcsv.com/docs/_static/underscore.js]
[www.convertcsv.com/docs/_static/doctools.js]
[www.convertcsv.com/docs/_static/language_data.js]
[www.convertcsv.com/docs/genindex.html]
[www.convertcsv.com/docs/search.html]
[www.convertcsv.com/docs/_static/custom.css]
[www.convertcsv.com/docs/audins.js]
[www.convertcsv.com/docs/desktop/index.html]
[www.convertcsv.com/docs/index.html]
[www.convertcsv.com/cdn-cgi/l/email-protection.html]
[www.convertcsv.com/products/audins.html]
[stackpath.bootstrapcdn.com/bootstrap/4.4.1/css/bootstrap.min.css]
[www.convertcsv.com/Styles/tool-pages.css]
[www.convertcsv.com/docs/cli/index.html]
[www.convertcsv.com/Styles/main.css]
[www.convertcsv.com/index-2.html]
[www.convertcsv.com/ChangeLog-2.html]
[www.convertcsv.com/products/index-2.html]
[www.convertcsv.com/changeLog-3.html]
[www.convertcsv.com/JS/main-ui-2.js]
[www.convertcsv.com/Contact ConvertCsv.com.html]
[www.convertcsv.com/Convertcsv.com Change Log.html]
[www.convertcsv.com/csv-viwer-editor.html]
[www.convertcsv.com/newsite/GET.html]
[www.convertcsv.com/newsite/Styles/cookieconsent.min.css]
[www.convertcsv.com/Images/csv-bg.png]
[www.convertcsv.com/newsite/Styles/main5e1f.css]
[www.convertcsv.com/newsite/Images/csv-bg.png]
[www.convertcsv.com/newsite/privacypolicy.html]
[www.convertcsv.com/newsite/Styles/main.css]
[www.convertcsv.com/newsite/Styles/tool-pages-new.css]
[www.convertcsv.com/newsite/index-2.html]
[www.convertcsv.com/newsite/Contact ConvertCsv.com.html]
[www.convertcsv.com/newsite/PrivacyPolicy-2.html]
[www.convertcsv.com/newsite/Convertcsv.com Change Log.html]
[www.convertcsv.com/newsite/changelog.html]
[www.convertcsv.com/newsite/terms-of-use.html]
[www.convertcsv.com/newsite/Images/file-to-csv.svg]
[www.convertcsv.com/newsite/JS/localread.js]
[www.convertcsv.com/oldsite/index.html]
[www.convertcsv.com/newsite/JS/csvparse.js]
[www.convertcsv.com/newsite/JS/xlsx.full.min.js]
[www.convertcsv.com/newsite/JS/alasql.min.js]
[www.convertcsv.com/newsite/JS/moment.js]
[www.convertcsv.com/newsite/Images/csv-to-file-icon.svg]
[www.convertcsv.com/newsite/Images/file-to-csv-icon.svg]
[www.convertcsv.com/newsite/html-links-to-csv-2.html]
[www.convertcsv.com/newsite/fixed-width-to-csv.html]
[www.convertcsv.com/newsite/Images/csv-tools-icon.svg]
[www.convertcsv.com/newsite/JS/json2.js]
[www.convertcsv.com/newsite/geojson-to-csv.html]
[www.convertcsv.com/newsite/JS/csvsup-json.js]
[www.convertcsv.com/newsite/json2.js]
[www.convertcsv.com/newsite/strsupbea6.js]
[www.convertcsv.com/newsite/localreadbea6.js]
[www.convertcsv.com/newsite/csvparsebea6.js]
[www.convertcsv.com/newsite/csvsup7893.js]
[www.convertcsv.com/js/csvlinksbea6.js]
[www.convertcsv.com/newsite/html-links-to-csv.html]
[www.convertcsv.com/js/footer5e1f.js]
[www.convertcsv.com/newsite/window.location.href]
[www.convertcsv.com/newsite/html-table-to-csv.html]
[www.convertcsv.com/newsite/JS/csvdatesup.js]
[www.convertcsv.com/newsite/JS/jQuery-csv5e1f.js]
[az743702.vo.msecnd.net/cdn/kofi15e1f.png]
[www.convertcsv.com/newsite/json-to-csv.html]
[www.convertcsv.com/newsite/JS/x2js.js]
[www.convertcsv.com/newsite/kml-to-csv.html]
[www.convertcsv.com/newsite/JS/jQuery-csv.js]
[www.convertcsv.com/newsite/sql-to-csv.html]
[www.convertcsv.com/newsite/JS/sql.js]
[www.convertcsv.com/newsite/xml-to-csv.html]
[www.convertcsv.com/newsite/JS/x2js7839.js]
[www.convertcsv.com/newsite/yaml-to-csv.html]
[www.convertcsv.com/newsite/Images/csv-to-file.svg]
[www.convertcsv.com/newsite/JS/yaml.js]
[www.convertcsv.com/newsite/csv-to-csv.html]
[www.convertcsv.com/newsite/csv-to-flat-file.html]
[www.convertcsv.com/newsite/JS/temsup.js]
[www.convertcsv.com/newsite/JS/spin.min.js]
[www.convertcsv.com/newsite/JS/spinit.js]
[www.convertcsv.com/newsite/csv-to-geojson.html]
[www.convertcsv.com/newsite/csv-to-html.html]
[www.convertcsv.com/newsite/JS/mapsup.js]
[www.convertcsv.com/newsite/csv-to-json.html]
[www.convertcsv.com/newsite/csv-to-kml.html]
[www.convertcsv.com/newsite/csv-to-markdown.html]
[www.convertcsv.com/js/csvsup2.1.js]
[www.convertcsv.com/newsite/JS/csvsup7893.js]
[www.convertcsv.com/newsite/JS/pdfmake.min.js]
[www.convertcsv.com/newsite/convertcsv.pdf]
[www.convertcsv.com/newsite/csv-to-pdf.html]
[www.convertcsv.com/newsite/csv-to-sql.html]
[www.convertcsv.com/newsite/JS/csvsup30f4.js]
[www.convertcsv.com/newsite/JS/jsxmlparser.js]
[www.convertcsv.com/newsite/JS/jsonsup.js]
[www.convertcsv.com/newsite/JS/pretty.js]
[www.convertcsv.com/newsite/008000]
[pagead2.googlesyndication.com/pagead/f.txt]
[www.convertcsv.com/newsite/csv-to-xml.html]
[www.convertcsv.com/newsite/csv-to-yaml.html]
[www.convertcsv.com/newsite/Images/csv-tools.svg]
[www.convertcsv.com/newsite/csv-viewer-editor.html]
[www.convertcsv.com/newsite/Styles/jquery.handsontable.full.css]
[www.convertcsv.com/newsite/js/jquery.handsontable.full.js]
[www.convertcsv.com/newsite/split-pdf.html]
[www.convertcsv.com/newsite/csv-escape-tool.html]
[www.convertcsv.com/newsite/JS/main-uibea6.js]
[https://cdnjs.cloudflare.com/ajax/libs/c3/0.4.11/c3.min.css]
[https://cdnjs.cloudflare.com/ajax/libs/c3/0.4.11/c3.min.js]
[https://cdnjs.cloudflare.com/ajax/libs/pivottable/2.23.0/pivot.min.css]
[https://cdnjs.cloudflare.com/ajax/libs/pivottable/2.23.0/pivot.min.js]
[https://cdnjs.cloudflare.com/ajax/libs/pivottable/2.23.0/c3_renderers.min.js]
[www.convertcsv.com/newsite/JS/pivot.js]
[www.convertcsv.com/newsite/JS/d3_renderers.js]
[www.convertcsv.com/newsite/JS/c3_renderers.js]
[www.convertcsv.com/newsite/JS/export_renderers.js]
[ajax.googleapis.com/ajax/libs/jqueryui/1.12.1/jquery-ui.min.js]
[www.convertcsv.com/newsite/pivot-csv.html]
[www.convertcsv.com/newsite/transpose-csv.html]
[www.convertcsv.com/newsite/csv-to-template-output.html]
[www.convertcsv.com/newsite/JS/pivot.css]
[www.convertcsv.com/newsite/generate-test-data.html]
[www.convertcsv.com/newsite/email-extractor.html]
[www.convertcsv.com/newsite/phone-extractor.html]
[www.convertcsv.com/newsite/url-extractor.html]
[www.convertcsv.com/newsite/query-csv.html]
[www.convertcsv.com/newsite/Images/flexible.svg]
[www.convertcsv.com/newsite/Images/xcel.svg]
[www.convertcsv.com/newsite/Images/paste.svg]
[www.convertcsv.com/newsite/Images/sql.svg]
[www.convertcsv.com/newsite/Images/extract.svg]
[www.convertcsv.com/newsite/Images/filter.svg]
[www.convertcsv.com/newsite/Images/quotes.svg]
[www.convertcsv.com/newsite/Images/backslash.svg]
[www.convertcsv.com/newsite/Images/engine.svg]
[www.convertcsv.com/newsite/Images/checks.svg]
[www.convertcsv.com/newsite/Images/support.svg]
[www.convertcsv.com/newsite/Images/security.svg]
[www.convertcsv.com/command-line.html]
[www.convertcsv.com/newsite/JS/chance.js]
[www.convertcsv.com/newsite/JS/sdk.js]
[www.convertcsv.com/newsite/Privacy Policy.htm]
[www.convertcsv.com/newsite/contact.html]
[www.convertcsv.com/newsite/Images/convert-csv-logo.svg]
[www.convertcsv.com/newsite/JS/cookieconsent.min.js]
[www.convertcsv.com/newsite/JS/storagesup.js]
[www.convertcsv.com/newsite/JS/main-ui3860.js]
[www.convertcsv.com/newsite/audins.html]
[www.convertcsv.com/js/underscore-min.js]
[www.convertcsv.com/js/blob.js]
[www.convertcsv.com/FileSaver.js]
[www.convertcsv.com/js/filesaver.js]
[www.convertcsv.com/js/storagesup.js]
[www.convertcsv.com/strsupbea6.js]
[www.convertcsv.com/get]
[www.convertcsv.com/localreadc164.js]
[www.convertcsv.com/csvparsebea6.js]
[www.convertcsv.com/csvsup7893.js]
[https://cdnjs.cloudflare.com/ajax/libs/font-awesome/4.7.0/css/font-awesome.min.css]
[https://maxcdn.bootstrapcdn.com/bootstrap/3.3.7/css/bootstrap.min.css]
[www.convertcsv.com/js/custom3860.css]
[www.convertcsv.com/json2e42d.js]
[www.convertcsv.com/json2.js]
[www.convertcsv.com/csvsup1eb0.js]
[www.convertcsv.com/window[_0x463389(0x1a7.html]
[www.convertcsv.com/json267d9.js]
[www.convertcsv.com/js/jQuery-csv5e1f.js]
[www.convertcsv.com/js/x2js.js]
[www.convertcsv.com/js/jQuery-csv.js]
[www.convertcsv.com/js/csvdatesup.js]
[www.convertcsv.com/localread8e0e.js]
[https://cdnjs.cloudflare.com/ajax/libs/codemirror/5.58.1/codemirror.css]
[www.convertcsv.com/HEAD]
[www.convertcsv.com/sql.js]
[www.convertcsv.com/js/yaml5e1f.js]
[www.convertcsv.com/csvparse8e0e.js]
[www.convertcsv.com/csvsup.js]
[www.convertcsv.com/csvsup4290.js]
[www.convertcsv.com/json23860.js]
[www.convertcsv.com/js/spin.min.js]
[www.convertcsv.com/js/spinit.js]
[www.convertcsv.com/js/mapsup68b3.js]
[www.convertcsv.com/strsupc164.js]
[www.convertcsv.com/csvparse90ab.js]
[cdn.datatables.net/1.10.23/images/sort_both.png]
[cdn.datatables.net/1.10.23/images/sort_asc.png]
[cdn.datatables.net/1.10.23/images/sort_desc.png]
[cdn.datatables.net/1.10.23/images/sort_asc_disabled.png]
[cdn.datatables.net/1.10.23/images/sort_desc_disabled.png]
[cdn.datatables.net/1.10.23/css/jquery.dataTables.css]
[www.convertcsv.com/strsup8e0e.js]
[www.convertcsv.com/js/csvsup2.js]
[www.convertcsv.com/js/csvsup2.2.js]
[www.convertcsv.com/strsupb6f5.js]
[www.convertcsv.com/js/pdfmake.min.js]
[www.convertcsv.com/js/vfs_fonts.js]
[www.convertcsv.com/convertcsv.html]
[www.convertcsv.com/js/csvsup.js]
[www.convertcsv.com/js/csvdatesup5e1f.js]
[www.convertcsv.com/cgi-bin/url-to-json.php]
[www.convertcsv.com/js/jsxmlparser.js]
[www.convertcsv.com/js/jsonsup.js]
[www.convertcsv.com/js/pretty.js]
[www.convertcsv.com/js/grid/jquery.handsontable.full.js]
[www.convertcsv.com/js/grid/jquery.handsontable.full.css]
[www.convertcsv.com/js/codemirror.css]
[www.convertcsv.com/js/sqlite-online.css]
[www.convertcsv.com/js/codemirror.js]
[cdn.datatables.net/buttons/2.2.3/css/buttons.dataTables.min.css]
[www.convertcsv.com/js/sql.min.js]
[www.convertcsv.com/js/myworker.js]
[www.convertcsv.com/newsite/JS/underscore-min.js]
[www.convertcsv.com/newsite/JS/strsup.js]
[www.convertcsv.com/newsite/JS/localread5e1f.js]
[www.convertcsv.com/newsite/JS/vfs_fonts.js]
[www.convertcsv.com/newsite/JS/blob.js]
[www.convertcsv.com/newsite/JS/filesaver.js]
[www.convertcsv.com/newsite/JS/csvsup5e1f.js]
[www.convertcsv.com/newsite/JS/jquery.min.js]
[www.convertcsv.com/ABCDEFGHIJKLMNOPQRSTUVWXYZabcdefghijklmnopqrstuvwxyz0123456789+/index.html]
[www.convertcsv.com/Popover requires tooltip.1b0.delayed]
[www.convertcsv.com/newsite/JS/bootstrap.min.js]
[www.convertcsv.com/Styles/tool-pages-new.css]
[www.convertcsv.com/newsite/js/split-pdf.js]
[www.convertcsv.com/Images/csv-to-file-icon.svg]
[www.convertcsv.com/Images/file-to-csv-icon.svg]
[www.convertcsv.com/Images/csv-tools-icon.svg]
[www.convertcsv.com/Images/convert-csv-logo.svg]
[www.convertcsv.com/privacypolicy-2.html]
[www.convertcsv.com/newsite/JS/main-ui.js]
[www.convertcsv.com/js/chance.js]
[www.convertcsv.com/convertcsv-2.html]
[www.convertcsv.com/http_.html]
[www.convertcsv.com/SandDanceIncludes/sanddance-app.css]
[www.convertcsv.com/SandDanceIncludes/sanddance-app-site.css]
[www.convertcsv.com/SandDanceIncludes/react.development.js]
[www.convertcsv.com/SandDanceIncludes/react-dom.development.js]
[www.convertcsv.com/Trident/index.html]
[www.convertcsv.com/util/index.html]
[www.convertcsv.com/common.js]
[www.convertcsv.com/mat3.js]
[www.convertcsv.com/vec3.js]
[www.convertcsv.com/vec4.js]
[www.convertcsv.com/url, location.pathname]
[www.convertcsv.com/mjolnir.js]
[www.convertcsv.com/gpu-grid-aggregator-utils.js]
[www.convertcsv.com/Gecko/index.html]
[www.convertcsv.com/define.1b8.delayed]
[www.convertcsv.com/color.js]
[www.convertcsv.com/math.js]
[www.convertcsv.com/lab.js]
[www.convertcsv.com/cubehelix.js]
[unpkg.com/@msrvida/sanddance-explorer@1/dist/css/sanddance-explorer.1bd.delayed]
[unpkg.com/@msrvida/sanddance-explorer@1.7.1/dist/css/sanddance-explorer.css]
[unpkg.com/deck.gl@6/deckgl.min.1bf.delayed]
[unpkg.com/deck.gl@6.4.10/deckgl.min.js]
[unpkg.com/vega@4/build/vega.min.js]
[unpkg.com/vega@4.4.0/build/vega.min.js]
[unpkg.com/@msrvida/sanddance-explorer@1/dist/umd/sanddance-explorer.1c4.delayed]
[unpkg.com/@msrvida/sanddance-explorer@1.7.1/dist/umd/sanddance-explorer.js]
[unpkg.com/@msrvida/sanddance-embed@1/dist/umd/sanddance-embed.1c6.delayed]
[unpkg.com/@msrvida/sanddance-embed@1.2.0/dist/umd/sanddance-embed.js]
[www.convertcsv.com/formatDecimal.1c8.delayed]
[www.convertcsv.com/formatPrefixAuto.js]
[www.convertcsv.com/formatRounded.js]
[www.convertcsv.com/exponent.js]
[www.convertcsv.com/formatGroup.js]
[www.convertcsv.com/formatNumerals.js]
[www.convertcsv.com/formatSpecifier.js]
[www.convertcsv.com/formatTrim.js]
[www.convertcsv.com/formatTypes.js]
[www.convertcsv.com/identity.js]
[www.convertcsv.com/locale.js]
[www.convertcsv.com/defaultLocale.js]
[www.convertcsv.com/precisionFixed.js]
[www.convertcsv.com/precisionPrefix.js]
[www.convertcsv.com/precisionRound.js]
[www.convertcsv.com/+ value.replace(/index.html]
[www.convertcsv.com/bbox.1d7.delayed]
[www.convertcsv.com/feature.js]
[www.convertcsv.com/mesh.js]
[www.convertcsv.com/merge.js]
[www.convertcsv.com/neighbors.js]
[www.convertcsv.com/quantize.js]
[www.convertcsv.com/transform.js]
[www.convertcsv.com/untransform.js]
[www.convertcsv.com/interval.js]
[www.convertcsv.com/duration.js]
[www.convertcsv.com/millisecond.js]
[www.convertcsv.com/second.js]
[www.convertcsv.com/minute.js]
[www.convertcsv.com/hour.js]
[www.convertcsv.com/day.js]
[www.convertcsv.com/week.js]
[www.convertcsv.com/month.js]
[www.convertcsv.com/year.js]
[www.convertcsv.com/utcMinute.js]
[www.convertcsv.com/utcHour.js]
[www.convertcsv.com/utcDay.js]
[www.convertcsv.com/utcWeek.js]
[www.convertcsv.com/utcMonth.js]
[www.convertcsv.com/utcYear.js]
[www.convertcsv.com/ascending.js]
[www.convertcsv.com/bisector.js]
[www.convertcsv.com/variance.js]
[www.convertcsv.com/count.js]
[www.convertcsv.com/array.js]
[www.convertcsv.com/bisect.js]
[www.convertcsv.com/constant.js]
[www.convertcsv.com/extent.js]
[www.convertcsv.com/range.js]
[www.convertcsv.com/ticks.js]
[www.convertcsv.com/threshold/sturges.js]
[www.convertcsv.com/number.js]
[www.convertcsv.com/quantile.js]
[www.convertcsv.com/deviation.js]
[www.convertcsv.com/quickselect.js]
[www.convertcsv.com/minIndex.js]
[www.convertcsv.com/maxIndex.js]
[www.convertcsv.com/leastIndex.js]
[www.convertcsv.com/min.js]
[www.convertcsv.com/transpose.js]
[www.convertcsv.com/cross.js]
[www.convertcsv.com/descending.js]
[www.convertcsv.com/group.js]
[www.convertcsv.com/bin.js]
[www.convertcsv.com/threshold/freedmanDiaconis.js]
[www.convertcsv.com/threshold/scott.js]
[www.convertcsv.com/max.js]
[www.convertcsv.com/mean.js]
[www.convertcsv.com/median.js]
[www.convertcsv.com/pairs.js]
[www.convertcsv.com/permute.js]
[www.convertcsv.com/least.js]
[www.convertcsv.com/greatest.js]
[www.convertcsv.com/greatestIndex.js]
[www.convertcsv.com/scan.js]
[www.convertcsv.com/shuffle.js]
[www.convertcsv.com/sum.js]
[www.convertcsv.com/zip.js]
[www.convertcsv.com/colors.js]
[www.convertcsv.com/ramp.js]
[www.convertcsv.com/categorical/category10.js]
[www.convertcsv.com/categorical/Accent.js]
[www.convertcsv.com/categorical/Dark2.js]
[www.convertcsv.com/categorical/Paired.js]
[www.convertcsv.com/categorical/Pastel1.js]
[www.convertcsv.com/categorical/Pastel2.js]
[www.convertcsv.com/categorical/Set1.js]
[www.convertcsv.com/categorical/Set2.js]
[www.convertcsv.com/categorical/Set3.js]
[www.convertcsv.com/categorical/Tableau10.js]
[www.convertcsv.com/diverging/BrBG.js]
[www.convertcsv.com/diverging/PRGn.js]
[www.convertcsv.com/diverging/PiYG.js]
[www.convertcsv.com/diverging/PuOr.js]
[www.convertcsv.com/diverging/RdBu.js]
[www.convertcsv.com/diverging/RdGy.js]
[www.convertcsv.com/diverging/RdYlBu.js]
[www.convertcsv.com/diverging/RdYlGn.js]
[www.convertcsv.com/diverging/Spectral.js]
[www.convertcsv.com/sequential-multi/BuGn.js]
[www.convertcsv.com/sequential-multi/BuPu.js]
[www.convertcsv.com/sequential-multi/GnBu.js]
[www.convertcsv.com/sequential-multi/OrRd.js]
[www.convertcsv.com/sequential-multi/PuBuGn.js]
[www.convertcsv.com/sequential-multi/PuBu.js]
[www.convertcsv.com/sequential-multi/PuRd.js]
[www.convertcsv.com/sequential-multi/RdPu.js]
[www.convertcsv.com/sequential-multi/YlGnBu.js]
[www.convertcsv.com/sequential-multi/YlGn.js]
[www.convertcsv.com/sequential-multi/YlOrBr.js]
[www.convertcsv.com/sequential-multi/YlOrRd.js]
[www.convertcsv.com/sequential-single/Blues.js]
[www.convertcsv.com/sequential-single/Greens.js]
[www.convertcsv.com/sequential-single/Greys.js]
[www.convertcsv.com/sequential-single/Purples.js]
[www.convertcsv.com/sequential-single/Reds.js]
[www.convertcsv.com/sequential-single/Oranges.js]
[www.convertcsv.com/sequential-multi/cividis.js]
[www.convertcsv.com/sequential-multi/cubehelix.js]
[www.convertcsv.com/sequential-multi/rainbow.js]
[www.convertcsv.com/sequential-multi/sinebow.js]
[www.convertcsv.com/sequential-multi/turbo.js]
[www.convertcsv.com/sequential-multi/viridis.js]
[www.convertcsv.com/index.js]
[www.convertcsv.com/SandDanceIncludes/sanddance-app.js]
[www.convertcsv.com/edatool/GET.html]
[www.convertcsv.com/edatool/_js/vendor/jquery/jquery.js]
[www.convertcsv.com/edatool/_js/vendor/jquery/jquery.csv-0.71.min.js]
[www.convertcsv.com/edatool/_js/vendor/jquery/jquery-ajax-blob-arraybuffer.js]
[www.convertcsv.com/edatool/_js/vendor/papaparse.min.js]
[www.convertcsv.com/edatool/_js/vendor/lodash.min.js]
[www.convertcsv.com/edatool/Popover requires tooltip.243.delayed]
[www.convertcsv.com/edatool/_js/vendor/twitter-bootstrap/js/bootstrap.js]
[www.convertcsv.com/edatool/_js/vendor/d3/d3.js]
[www.convertcsv.com/edatool/_js/vendor/shim.js]
[www.convertcsv.com/edatool/zlib/deflate.js]
[www.convertcsv.com/edatool/zlib/inflate.js]
[www.convertcsv.com/edatool/_js/vendor/jszip.min.js]
[www.convertcsv.com/edatool/docProps/core.xml]
[www.convertcsv.com/edatool/docProps/app.xml]
[www.convertcsv.com/edatool/docProps/custom.xml]
[www.convertcsv.com/edatool/xl/theme/theme1.xml]
[www.convertcsv.com/edatool/theme/theme1.xml]
[www.convertcsv.com/edatool/[Content_Types].xml]
[www.convertcsv.com/edatool/_js/vendor/xls/xlsx.js]
[www.convertcsv.com/edatool/_js/vendor/xls/xls.js]
[www.convertcsv.com/edatool/_js/vendor/moment.js]
[www.convertcsv.com/edatool/_js/vendor/moment.parseFormat.js]
[www.convertcsv.com/edatool/_js/vendor/readable-range.js]
[www.convertcsv.com/edatool/_js/vendor/metricsgraphics/metricsgraphics.min.js]
[www.convertcsv.com/edatool/_js/vendor/spin.min.js]
[www.convertcsv.com/edatool/_js/meta-reader.suggestions.js]
[www.convertcsv.com/edatool/_js/meta-reader.js]
[www.convertcsv.com/edatool/chart.png]
[www.convertcsv.com/edatool/_js/meta-reader.charts.js]
[www.convertcsv.com/edatool/_js/vendor/FileSaver.min.js]
[www.convertcsv.com/edatool/_js/vendor/saveSvgAsPng.js]
[www.convertcsv.com/edatool/_js/script.js]
[www.convertcsv.com/edatool/_js/vendor/twitter-bootstrap/fonts/glyphicons-halflings-regular.eot]
[www.convertcsv.com/edatool/_js/vendor/twitter-bootstrap/fonts/glyphicons-halflings-regulard41d.eot]
[www.convertcsv.com/edatool/_js/vendor/twitter-bootstrap/fonts/glyphicons-halflings-regular.woff]
[www.convertcsv.com/edatool/_js/vendor/twitter-bootstrap/fonts/glyphicons-halflings-regular.ttf]
[www.convertcsv.com/edatool/_js/vendor/twitter-bootstrap/css/bootstrap.css]
[www.convertcsv.com/edatool/_js/vendor/twitter-bootstrap/css/sb-admin.css]
[www.convertcsv.com/edatool/_css/style.css]
[www.convertcsv.com/edatool/_js/vendor/twitter-bootstrap/fonts/glyphicons-halflings-regular.svg]
[www.convertcsv.com/edatool/_js/vendor/images/missing-data.png]
[www.convertcsv.com/edatool/_js/vendor/metricsgraphics/metricsgraphics.css]
[www.convertcsv.com/edatool/_css/meta-reader-charts.css]
[www.convertcsv.com/edatool/index-2.html]
[www.convertcsv.com/EDATool/GET]
[www.convertcsv.com/EDATool/_js/vendor/jquery/jquery-2.js]
[www.convertcsv.com/EDATool/_js/vendor/jquery/jquery.csv-0.71.min-2.js]
[www.convertcsv.com/EDATool/_js/vendor/jquery/jquery-ajax-blob-arraybuffer-2.js]
[www.convertcsv.com/EDATool/_js/vendor/papaparse.min-2.js]
[www.convertcsv.com/EDATool/_js/vendor/lodash.min-2.js]
[www.convertcsv.com/EDATool/_js/vendor/twitter-bootstrap/js/bootstrap-2.js]
[www.convertcsv.com/EDATool/_js/vendor/d3/d3-2.js]
[www.convertcsv.com/EDATool/_js/vendor/shim-2.js]
[www.convertcsv.com/EDATool/_js/vendor/jszip.min-2.js]
[www.convertcsv.com/EDATool/_js/vendor/xls/xlsx-2.js]
[www.convertcsv.com/EDATool/_js/vendor/xls/xls-2.js]
[www.convertcsv.com/EDATool/_js/vendor/moment-2.js]
[www.convertcsv.com/EDATool/_js/vendor/moment.parseFormat-2.js]
[www.convertcsv.com/EDATool/_js/vendor/readable-range-2.js]
[www.convertcsv.com/EDATool/_js/vendor/metricsgraphics/metricsgraphics.min-2.js]
[www.convertcsv.com/EDATool/_js/vendor/spin.min-2.js]
[www.convertcsv.com/EDATool/_js/meta-reader.suggestions-2.js]
[www.convertcsv.com/EDATool/_js/meta-reader-2.js]
[www.convertcsv.com/EDATool/_js/meta-reader.charts-2.js]
[www.convertcsv.com/EDATool/_js/vendor/FileSaver.min-2.js]
[www.convertcsv.com/EDATool/_js/vendor/saveSvgAsPng-2.js]
[www.convertcsv.com/EDATool/_js/script-2.js]
[www.convertcsv.com/EDATool/_js/vendor/twitter-bootstrap/css/bootstrap-2.css]
[www.convertcsv.com/EDATool/_js/vendor/twitter-bootstrap/css/sb-admin-2.css]
[www.convertcsv.com/EDATool/_css/style-2.css]
[www.convertcsv.com/EDATool/_js/vendor/metricsgraphics/metricsgraphics-2.css]
[www.convertcsv.com/EDATool/_css/meta-reader-charts-2.css]
[www.convertcsv.com/EDATool/index-4.html]
[www.convertcsv.com/EDATool/audins.js]
[www.convertcsv.com/EDATool/index-3.html]
[www.convertcsv.com/edatool/audins.html]
[https://cdnjs.cloudflare.com/ajax/libs/c3/0.4.10/c3.min.css]
[www.convertcsv.com/js/pivot.css]
[www.convertcsv.com/js/pivot.js]
[www.convertcsv.com/js/d3_renderers.js]
[www.convertcsv.com/js/c3_renderers.js]
[www.convertcsv.com/js/export_renderers.js]
[www.convertcsv.com/js/csvlinks8e0e.js]
[www.convertcsv.com/detroitchicago/grapefruit.html]
[www.convertcsv.com/porpoiseant/army.html]
[www.convertcsv.com/docs/GET.html]
[www.convertcsv.com/docs/_static/alabaster.html]
[www.convertcsv.com/docs/_static/pygments.html]
[www.convertcsv.com/docs/_static/documentation_options.html]
[www.convertcsv.com/docs/_static/jquery.html]
[www.convertcsv.com/docs/_static/underscore.html]
[www.convertcsv.com/docs/_static/doctools.html]
[www.convertcsv.com/docs/_static/language_data.html]
[www.convertcsv.com/docs/index-2.html]
[www.convertcsv.com/docs/csv2jsoncmd.html]
[www.convertcsv.com/docs/csv2xmlcmd.html]
[www.convertcsv.com/docs/json2csvcmd.html]
[www.convertcsv.com/docs/xml2csvcmd.html]
[www.convertcsv.com/docs/genindex.html]
[www.convertcsv.com/docs/license.html]
[www.convertcsv.com/docs/_static/searchtools.js]
[www.convertcsv.com/docs/search.html]
[www.convertcsv.com/docs/_static/custom.html]
[www.convertcsv.com/docs/searchindex.js]
[www.convertcsv.com/docs/desktop/GET]
[www.convertcsv.com/docs/desktop/_static/alabaster.css]
[www.convertcsv.com/docs/desktop/_static/pygments.css]
[www.convertcsv.com/docs/desktop/_static/documentation_options.js]
[www.convertcsv.com/docs/desktop/_static/jquery.js]
[www.convertcsv.com/docs/desktop/_static/underscore.js]
[www.convertcsv.com/docs/desktop/_static/doctools.js]
[www.convertcsv.com/docs/desktop/_static/language_data.js]
[www.convertcsv.com/docs/desktop/genindex.html]
[www.convertcsv.com/docs/desktop/search.html]
[www.convertcsv.com/docs/desktop/json_gui.html]
[www.convertcsv.com/docs/desktop/xml_gui.html]
[www.convertcsv.com/docs/desktop/audins.js]
[www.convertcsv.com/docs/desktop/index.html]
[www.convertcsv.com/docs/cli/GET]
[www.convertcsv.com/docs/cli/_static/alabaster.css]
[www.convertcsv.com/docs/cli/_static/pygments.css]
[www.convertcsv.com/docs/cli/_static/documentation_options.js]
[www.convertcsv.com/docs/cli/_static/jquery.js]
[www.convertcsv.com/docs/cli/_static/underscore.js]
[www.convertcsv.com/docs/cli/_static/doctools.js]
[www.convertcsv.com/docs/cli/_static/language_data.js]
[www.convertcsv.com/docs/cli/genindex.html]
[www.convertcsv.com/docs/cli/search.html]
[www.convertcsv.com/docs/cli/csv2jsoncmd.html]
[www.convertcsv.com/docs/cli/csv2xmlcmd.html]
[www.convertcsv.com/docs/cli/json2csvcmd.html]
[www.convertcsv.com/docs/cli/xml2csvcmd.html]
[www.convertcsv.com/docs/cli/license.html]
[www.convertcsv.com/docs/cli/audins.js]
[www.convertcsv.com/docs/cli/index.html]
[www.convertcsv.com/docs/audins.html]
[www.convertcsv.com/newsite/Styles/main.css]
[www.convertcsv.com/newsite/Styles/tool-pages-new.css]
[www.convertcsv.com/newsite/index-2.html]
[www.convertcsv.com/newsite/Contact ConvertCsv.com.html]
[www.convertcsv.com/newsite/PrivacyPolicy-2.html]
[www.convertcsv.com/newsite/Convertcsv.com Change Log.html]
[www.convertcsv.com/oldsite/GET]
[www.convertcsv.com/oldsite/fixed-width-to-csv.html]
[www.convertcsv.com/oldsite/geojson-to-csv.html]
[www.convertcsv.com/oldsite/html-links-to-csv.html]
[www.convertcsv.com/oldsite/html-table-to-csv.html]
[www.convertcsv.com/oldsite/json-to-csv.html]
[www.convertcsv.com/oldsite/kml-to-csv.html]
[www.convertcsv.com/oldsite/sql-to-csv.html]
[www.convertcsv.com/oldsite/xml-to-csv.html]
[www.convertcsv.com/oldsite/yaml-to-csv.html]
[www.convertcsv.com/oldsite/csv-to-csv.html]
[www.convertcsv.com/oldsite/csv-to-flat-file.html]
[www.convertcsv.com/oldsite/csv-to-geojson.html]
[www.convertcsv.com/oldsite/csv-to-html.html]
[www.convertcsv.com/oldsite/csv-to-json.html]
[www.convertcsv.com/oldsite/csv-to-kml.html]
[www.convertcsv.com/oldsite/csv-to-markdown.html]
[www.convertcsv.com/oldsite/csv-to-multiline-data.html]
[www.convertcsv.com/oldsite/csv-to-pdf.html]
[www.convertcsv.com/oldsite/csv-to-sql.html]
[www.convertcsv.com/oldsite/csv-to-yaml.html]
[www.convertcsv.com/oldsite/csv-escape-tool.html]
[www.convertcsv.com/oldsite/pivot-csv.html]
[www.convertcsv.com/oldsite/csv-viewer-editor.html]
[www.convertcsv.com/oldsite/transpose-csv.html]
[www.convertcsv.com/oldsite/csv-to-template-output.html]
[www.convertcsv.com/oldsite/generate-test-data.html]
[www.convertcsv.com/oldsite/email-extractor.html]
[www.convertcsv.com/oldsite/phone-extractor.html]
[www.convertcsv.com/oldsite/url-extractor.html]
[www.convertcsv.com/oldsite/query-csv.html]
[www.convertcsv.com/oldsite/audins.js]
[www.convertcsv.com/oldsite/index.html]
[www.convertcsv.com/newsite/get]
[www.convertcsv.com/newsite/JS/localread.js]
[www.convertcsv.com/newsite/JS/csvparse.js]
[www.convertcsv.com/newsite/The prompt not realized for Node.js]
[www.convertcsv.com/newsite/JS/alasql.min.js]
[www.convertcsv.com/newsite/zlib/deflate.js]
[www.convertcsv.com/newsite/zlib/inflate.js]
[www.convertcsv.com/newsite/ABCDEFGHIJKLMNOPQRSTUVWXYZabcdefghijklmnopqrstuvwxyz0123456789+/index.html]
[www.convertcsv.com/newsite/META-INF/manifest.xml]
[www.convertcsv.com/newsite/content.xml]
[www.convertcsv.com/newsite/meta.xml]
[www.convertcsv.com/newsite/styles.xml]
[www.convertcsv.com/newsite/objectdata.xml]
[www.convertcsv.com/newsite/[Content_Types].xml]
[www.convertcsv.com/newsite/xl/workbook.xml]
[www.convertcsv.com/newsite/xl/worksheets/sheet.xml]
[www.convertcsv.com/newsite/docProps/core.xml]
[www.convertcsv.com/newsite/docProps/app.xml]
[www.convertcsv.com/newsite/docProps/custom.xml]
[www.convertcsv.com/newsite/xl/theme/theme1.xml]
[www.convertcsv.com/newsite/theme/theme1.xml]
[www.convertcsv.com/newsite/JS/xlsx.full.min.js]
[www.convertcsv.com/newsite/JS/moment.js]
[www.convertcsv.com/newsite/Images/csv-to-file-icon.svg]
[www.convertcsv.com/newsite/Images/file-to-csv-icon.svg]
[www.convertcsv.com/newsite/html-links-to-csv-2.html]
[www.convertcsv.com/newsite/Images/csv-tools-icon.svg]
[www.convertcsv.com/newsite/JS/json2.js]
[www.convertcsv.com/newsite/JS/csvsup-json.js]
[www.convertcsv.com/newsite/json2.html]
[www.convertcsv.com/newsite/strsupbea6.html]
[www.convertcsv.com/newsite/localreadbea6.html]
[www.convertcsv.com/newsite/csvparsebea6.html]
[www.convertcsv.com/newsite/csvsup7893.html]
[www.convertcsv.com/js/csvlinksbea6.js]
[www.convertcsv.com/js/footer5e1f.js]
[www.convertcsv.com/newsite/window.location.html]
[www.convertcsv.com/newsite/JS/csvdatesup.js]
[www.convertcsv.com/newsite/JS/jQuery-csv5e1f.js]
[www.convertcsv.com/newsite/JS/x2js.js]
[www.convertcsv.com/newsite/JS/jQuery-csv.js]
[www.convertcsv.com/newsite/HEAD.2c9.delayed]
[www.convertcsv.com/newsite/JS/sql.js]
[www.convertcsv.com/newsite/JS/x2js7839.js]
[www.convertcsv.com/newsite/JS/yaml.js]
[www.convertcsv.com/newsite/JS/temsup.js]
[www.convertcsv.com/newsite/JS/spin.min.js]
[www.convertcsv.com/newsite/JS/spinit.js]
[www.convertcsv.com/newsite/JS/mapsup.js]
[www.convertcsv.com/js/csvsup2.1.js]
[www.convertcsv.com/newsite/JS/csvsup7893.js]
[www.convertcsv.com/newsite/JS/pdfmake.min.js]
[www.convertcsv.com/newsite/convertcsv.html]
[www.convertcsv.com/newsite/JS/csvsup30f4.js]
[www.convertcsv.com/newsite/JS/jsxmlparser.js]
[www.convertcsv.com/newsite/JS/jsonsup.js]
[www.convertcsv.com/newsite/JS/pretty.js]
[www.convertcsv.com/newsite/008000.html]
[www.convertcsv.com/newsite/js/jquery.handsontable.full.js]
[www.convertcsv.com/newsite/Styles/jquery.handsontable.full.css]
[www.convertcsv.com/newsite/JS/main-uibea6.js]
[https://cdnjs.cloudflare.com/ajax/libs/c3/0.4.11/c3.min.css]
[https://cdnjs.cloudflare.com/ajax/libs/pivottable/2.23.0/pivot.min.css]
[www.convertcsv.com/newsite/JS/pivot.js]
[www.convertcsv.com/newsite/JS/d3_renderers.js]
[www.convertcsv.com/newsite/JS/c3_renderers.js]
[www.convertcsv.com/newsite/JS/export_renderers.js]
[ajax.googleapis.com/ajax/libs/jqueryui/1.12.1/themes/smoothness/images/ui-bg_highlight-soft_75_cccccc_1x100.png]
[ajax.googleapis.com/ajax/libs/jqueryui/1.12.1/themes/smoothness/images/ui-bg_glass_75_e6e6e6_1x400.png]
[ajax.googleapis.com/ajax/libs/jqueryui/1.12.1/themes/smoothness/images/ui-bg_glass_75_dadada_1x400.png]
[ajax.googleapis.com/ajax/libs/jqueryui/1.12.1/themes/smoothness/images/ui-bg_glass_65_ffffff_1x400.png]
[ajax.googleapis.com/ajax/libs/jqueryui/1.12.1/themes/smoothness/images/ui-bg_glass_55_fbf9ee_1x400.png]
[ajax.googleapis.com/ajax/libs/jqueryui/1.12.1/themes/smoothness/images/ui-bg_glass_95_fef1ec_1x400.png]
[ajax.googleapis.com/ajax/libs/jqueryui/1.12.1/themes/smoothness/images/ui-icons_222222_256x240.png]
[ajax.googleapis.com/ajax/libs/jqueryui/1.12.1/themes/smoothness/images/ui-icons_454545_256x240.png]
[ajax.googleapis.com/ajax/libs/jqueryui/1.12.1/themes/smoothness/images/ui-icons_2e83ff_256x240.png]
[ajax.googleapis.com/ajax/libs/jqueryui/1.12.1/themes/smoothness/images/ui-icons_cd0a0a_256x240.png]
[ajax.googleapis.com/ajax/libs/jqueryui/1.12.1/themes/smoothness/images/ui-icons_888888_256x240.png]
[ajax.googleapis.com/ajax/libs/jqueryui/1.12.1/themes/smoothness/jquery-ui.css]
[www.convertcsv.com/newsite/JS/pivot.css]
[www.convertcsv.com/newsite/JS/chance.js]
[www.convertcsv.com/newsite/JS/sdk.html]
[www.convertcsv.com/newsite/Privacy Policy.html]
[www.convertcsv.com/FileSaver.html]
[www.convertcsv.com/get-2.html]
[www.convertcsv.com/HEAD.html]
[www.convertcsv.com/ABCDEFGHIJKLMNOPQRSTUVWXYZabcdefghijklmnopqrstuvwxyz0123456789+/index.html]
[www.convertcsv.com/Popover requires tooltip.html]
[www.convertcsv.com/$&/index.html]
[www.convertcsv.com/Trident/index.html]
[www.convertcsv.com/Upgrade Guide at http_/uber.github.io/luma.gl/index.html]
[www.convertcsv.com/util/index.html]
[www.convertcsv.com/common.html]
[www.convertcsv.com/mat3.html]
[www.convertcsv.com/vec3.html]
[www.convertcsv.com/vec4.html]
[www.convertcsv.com/url, location.html]
[www.convertcsv.com/mjolnir.html]
[www.convertcsv.com/gpu-grid-aggregator-utils.html]
[www.convertcsv.com/Gecko/index.html]
[www.convertcsv.com/define.html]
[www.convertcsv.com/color.html]
[www.convertcsv.com/math.html]
[www.convertcsv.com/lab.html]
[www.convertcsv.com/cubehelix.html]
[unpkg.com/@msrvida/sanddance-explorer@1.7.1/dist/css/sanddance-explorer.css]
[www.convertcsv.com/formatDecimal.html]
[www.convertcsv.com/formatPrefixAuto.html]
[www.convertcsv.com/formatRounded.html]
[www.convertcsv.com/exponent.html]
[www.convertcsv.com/formatGroup.html]
[www.convertcsv.com/formatNumerals.html]
[www.convertcsv.com/formatSpecifier.html]
[www.convertcsv.com/formatTrim.html]
[www.convertcsv.com/formatTypes.html]
[www.convertcsv.com/identity.html]
[www.convertcsv.com/locale.html]
[www.convertcsv.com/defaultLocale.html]
[www.convertcsv.com/precisionFixed.html]
[www.convertcsv.com/precisionPrefix.html]
[www.convertcsv.com/precisionRound.html]
[www.convertcsv.com/+ value.replace(/index.html]
[www.convertcsv.com/bbox.html]
[www.convertcsv.com/feature.html]
[www.convertcsv.com/mesh.html]
[www.convertcsv.com/merge.html]
[www.convertcsv.com/neighbors.html]
[www.convertcsv.com/quantize.html]
[www.convertcsv.com/transform.html]
[www.convertcsv.com/untransform.html]
[www.convertcsv.com/interval.html]
[www.convertcsv.com/duration.html]
[www.convertcsv.com/millisecond.html]
[www.convertcsv.com/second.html]
[www.convertcsv.com/minute.html]
[www.convertcsv.com/hour.html]
[www.convertcsv.com/day.html]
[www.convertcsv.com/week.html]
[www.convertcsv.com/month.html]
[www.convertcsv.com/year.html]
[www.convertcsv.com/utcMinute.html]
[www.convertcsv.com/utcHour.html]
[www.convertcsv.com/utcDay.html]
[www.convertcsv.com/utcWeek.html]
[www.convertcsv.com/utcMonth.html]
[www.convertcsv.com/utcYear.html]
[www.convertcsv.com/ascending.html]
[www.convertcsv.com/bisector.html]
[www.convertcsv.com/variance.html]
[www.convertcsv.com/count.html]
[www.convertcsv.com/array.html]
[www.convertcsv.com/bisect.html]
[www.convertcsv.com/constant.html]
[www.convertcsv.com/extent.html]
[www.convertcsv.com/range.html]
[www.convertcsv.com/ticks.html]
[www.convertcsv.com/threshold/sturges.html]
[www.convertcsv.com/number.html]
[www.convertcsv.com/quantile.html]
[www.convertcsv.com/deviation.html]
[www.convertcsv.com/quickselect.html]
[www.convertcsv.com/minIndex.html]
[www.convertcsv.com/maxIndex.html]
[www.convertcsv.com/leastIndex.html]
[www.convertcsv.com/min.html]
[www.convertcsv.com/transpose.html]
[www.convertcsv.com/cross.html]
[www.convertcsv.com/descending.html]
[www.convertcsv.com/group.html]
[www.convertcsv.com/bin.html]
[www.convertcsv.com/threshold/freedmanDiaconis.html]
[www.convertcsv.com/threshold/scott.html]
[www.convertcsv.com/max.html]
[www.convertcsv.com/mean.html]
[www.convertcsv.com/median.html]
[www.convertcsv.com/pairs.html]
[www.convertcsv.com/permute.html]
[www.convertcsv.com/least.html]
[www.convertcsv.com/greatest.html]
[www.convertcsv.com/greatestIndex.html]
[www.convertcsv.com/scan.html]
[www.convertcsv.com/shuffle.html]
[www.convertcsv.com/sum.html]
[www.convertcsv.com/zip.html]
[www.convertcsv.com/colors.html]
[www.convertcsv.com/ramp.html]
[www.convertcsv.com/categorical/category10.html]
[www.convertcsv.com/categorical/Accent.html]
[www.convertcsv.com/categorical/Dark2.html]
[www.convertcsv.com/categorical/Paired.html]
[www.convertcsv.com/categorical/Pastel1.html]
[www.convertcsv.com/categorical/Pastel2.html]
[www.convertcsv.com/categorical/Set1.html]
[www.convertcsv.com/categorical/Set2.html]
[www.convertcsv.com/categorical/Set3.html]
[www.convertcsv.com/categorical/Tableau10.html]
[www.convertcsv.com/diverging/BrBG.html]
[www.convertcsv.com/diverging/PRGn.html]
[www.convertcsv.com/diverging/PiYG.html]
[www.convertcsv.com/diverging/PuOr.html]
[www.convertcsv.com/diverging/RdBu.html]
[www.convertcsv.com/diverging/RdGy.html]
[www.convertcsv.com/diverging/RdYlBu.html]
[www.convertcsv.com/diverging/RdYlGn.html]
[www.convertcsv.com/diverging/Spectral.html]
[www.convertcsv.com/sequential-multi/BuGn.html]
[www.convertcsv.com/sequential-multi/BuPu.html]
[www.convertcsv.com/sequential-multi/GnBu.html]
[www.convertcsv.com/sequential-multi/OrRd.html]
[www.convertcsv.com/sequential-multi/PuBuGn.html]
[www.convertcsv.com/sequential-multi/PuBu.html]
[www.convertcsv.com/sequential-multi/PuRd.html]
[www.convertcsv.com/sequential-multi/RdPu.html]
[www.convertcsv.com/sequential-multi/YlGnBu.html]
[www.convertcsv.com/sequential-multi/YlGn.html]
[www.convertcsv.com/sequential-multi/YlOrBr.html]
[www.convertcsv.com/sequential-multi/YlOrRd.html]
[www.convertcsv.com/sequential-single/Blues.html]
[www.convertcsv.com/sequential-single/Greens.html]
[www.convertcsv.com/sequential-single/Greys.html]
[www.convertcsv.com/sequential-single/Purples.html]
[www.convertcsv.com/sequential-single/Reds.html]
[www.convertcsv.com/sequential-single/Oranges.html]
[www.convertcsv.com/sequential-multi/cividis.html]
[www.convertcsv.com/sequential-multi/cubehelix.html]
[www.convertcsv.com/sequential-multi/rainbow.html]
[www.convertcsv.com/sequential-multi/sinebow.html]
[www.convertcsv.com/sequential-multi/turbo.html]
[www.convertcsv.com/sequential-multi/viridis.html]
[www.convertcsv.com/index-3.html]
[www.convertcsv.com/Invalid regular expression_ missing/index.html]
[www.convertcsv.com/edatool/Popover requires tooltip.html]
[www.convertcsv.com/edatool/zlib/deflate.html]
[www.convertcsv.com/edatool/zlib/inflate.html]
[www.convertcsv.com/edatool/docProps/core.html]
[www.convertcsv.com/edatool/docProps/app.html]
[www.convertcsv.com/edatool/docProps/custom.html]
[www.convertcsv.com/edatool/xl/theme/theme1.html]
[www.convertcsv.com/edatool/theme/theme1.html]
[www.convertcsv.com/edatool/[Content_Types].html]
[www.convertcsv.com/edatool/chart.html]
[www.convertcsv.com/edatool/_js/vendor/twitter-bootstrap/fonts/glyphicons-halflings-regular.html]
[www.convertcsv.com/edatool/_js/vendor/twitter-bootstrap/fonts/glyphicons-halflings-regular.svg]
[www.convertcsv.com/edatool/_js/vendor/images/missing-data.html]
[www.convertcsv.com/EDATool/GET-2.html]
[www.convertcsv.com/EDATool/_js/vendor/jquery/jquery-2.js]
[www.convertcsv.com/EDATool/_js/vendor/jquery/jquery.csv-0.71.min-2.js]
[www.convertcsv.com/EDATool/_js/vendor/jquery/jquery-ajax-blob-arraybuffer-2.js]
[www.convertcsv.com/EDATool/_js/vendor/papaparse.min-2.js]
[www.convertcsv.com/EDATool/_js/vendor/lodash.min-2.js]
[www.convertcsv.com/EDATool/Popover requires tooltip.2d5.delayed]
[www.convertcsv.com/EDATool/_js/vendor/twitter-bootstrap/js/bootstrap-2.js]
[www.convertcsv.com/EDATool/_js/vendor/d3/d3-2.js]
[www.convertcsv.com/EDATool/_js/vendor/shim-2.js]
[www.convertcsv.com/EDATool/zlib/deflate.js]
[www.convertcsv.com/EDATool/zlib/inflate.js]
[www.convertcsv.com/EDATool/_js/vendor/jszip.min-2.js]
[www.convertcsv.com/EDATool/docProps/core.xml]
[www.convertcsv.com/EDATool/docProps/app.xml]
[www.convertcsv.com/EDATool/docProps/custom.xml]
[www.convertcsv.com/EDATool/xl/theme/theme1.xml]
[www.convertcsv.com/EDATool/theme/theme1.xml]
[www.convertcsv.com/EDATool/[Content_Types].xml]
[www.convertcsv.com/EDATool/_js/vendor/xls/xlsx-2.js]
[www.convertcsv.com/EDATool/_js/vendor/xls/xls-2.js]
[www.convertcsv.com/EDATool/_js/vendor/moment-2.js]
[www.convertcsv.com/EDATool/_js/vendor/moment.parseFormat-2.js]
[www.convertcsv.com/EDATool/_js/vendor/readable-range-2.js]
[www.convertcsv.com/EDATool/_js/vendor/metricsgraphics/metricsgraphics.min-2.js]
[www.convertcsv.com/EDATool/_js/vendor/spin.min-2.js]
[www.convertcsv.com/EDATool/_js/meta-reader.suggestions-2.js]
[www.convertcsv.com/EDATool/_js/meta-reader-2.js]
[www.convertcsv.com/EDATool/chart.png]
[www.convertcsv.com/EDATool/_js/meta-reader.charts-2.js]
[www.convertcsv.com/EDATool/_js/vendor/FileSaver.min-2.js]
[www.convertcsv.com/EDATool/_js/vendor/saveSvgAsPng-2.js]
[www.convertcsv.com/EDATool/_js/script-2.js]
[unpkg.com/office-ui-fabric-react@6.204.4/dist/office-ui-fabric-react.html]
[www.convertcsv.com/EDATool/_js/vendor/twitter-bootstrap/fonts/glyphicons-halflings-regular-2.eot]
[www.convertcsv.com/EDATool/_js/vendor/twitter-bootstrap/fonts/glyphicons-halflings-regulard41d-2.eot]
[www.convertcsv.com/EDATool/_js/vendor/twitter-bootstrap/fonts/glyphicons-halflings-regular.woff]
[www.convertcsv.com/EDATool/_js/vendor/twitter-bootstrap/fonts/glyphicons-halflings-regular-2.ttf]
[www.convertcsv.com/EDATool/_js/vendor/twitter-bootstrap/css/bootstrap-2.css]
[www.convertcsv.com/EDATool/_js/vendor/twitter-bootstrap/css/sb-admin-2.css]
[www.convertcsv.com/EDATool/_css/style-2.css]
[www.convertcsv.com/EDATool/_js/vendor/twitter-bootstrap/fonts/glyphicons-halflings-regular-2.svg]
[www.convertcsv.com/EDATool/_js/vendor/images/missing-data.png]
[www.convertcsv.com/EDATool/_js/vendor/metricsgraphics/metricsgraphics-2.css]
[www.convertcsv.com/EDATool/_css/meta-reader-charts-2.css]
[www.convertcsv.com/EDATool/index-4.html]
[www.convertcsv.com/EDATool/audins-2.html]
[www.convertcsv.com/docs/index-2.html]
[www.convertcsv.com/docs/csv2jsoncmd.html]
[www.convertcsv.com/docs/csv2xmlcmd.html]
[www.convertcsv.com/docs/json2csvcmd.html]
[www.convertcsv.com/docs/xml2csvcmd.html]
[www.convertcsv.com/docs/_sources/license.rst.txt]
[www.convertcsv.com/docs/license.html]
[www.convertcsv.com/docs/_static/searchtools.html]
[www.convertcsv.com/docs/searchindex.js]
[www.convertcsv.com/docs/desktop/GET.html]
[www.convertcsv.com/docs/desktop/_static/alabaster.css]
[www.convertcsv.com/docs/desktop/_static/pygments.css]
[www.convertcsv.com/docs/desktop/_static/documentation_options.js]
[www.convertcsv.com/docs/desktop/_static/jquery.js]
[www.convertcsv.com/docs/desktop/_static/underscore.js]
[www.convertcsv.com/docs/desktop/_static/basic.css]
[www.convertcsv.com/docs/desktop/minus.png]
[www.convertcsv.com/docs/desktop/_static/doctools.js]
[www.convertcsv.com/docs/desktop/_static/language_data.html]
[www.convertcsv.com/docs/desktop/genindex.html]
[www.convertcsv.com/docs/desktop/search.html]
[www.convertcsv.com/docs/desktop/_static/custom.css]
[www.convertcsv.com/docs/desktop/_images/json2csv.PNG]
[www.convertcsv.com/docs/desktop/_images/csv2json.PNG]
[www.convertcsv.com/docs/desktop/json_gui.html]
[www.convertcsv.com/docs/desktop/index-2.html]
[www.convertcsv.com/docs/desktop/_images/xml2csv.PNG]
[www.convertcsv.com/docs/desktop/xml_gui.html]
[www.convertcsv.com/docs/desktop/audins.html]
[www.convertcsv.com/docs/cli/GET.html]
[www.convertcsv.com/docs/desktop/_images/csv2xml.PNG]
[www.convertcsv.com/docs/cli/_static/alabaster.css]
[www.convertcsv.com/docs/cli/_static/pygments.css]
[www.convertcsv.com/docs/cli/_static/documentation_options.js]
[www.convertcsv.com/docs/cli/_static/jquery.js]
[www.convertcsv.com/docs/cli/_static/underscore.js]
[www.convertcsv.com/docs/cli/_static/basic.css]
[www.convertcsv.com/docs/cli/minus.png]
[www.convertcsv.com/docs/cli/_static/doctools.js]
[www.convertcsv.com/docs/cli/_static/language_data.js]
[www.convertcsv.com/docs/cli/genindex.html]
[www.convertcsv.com/docs/cli/_static/searchtools.js]
[www.convertcsv.com/docs/cli/searchindex.js]
[www.convertcsv.com/docs/cli/search.html]
[www.convertcsv.com/docs/cli/csv2jsoncmd.html]
[www.convertcsv.com/docs/cli/_static/custom.css]
[www.convertcsv.com/docs/cli/index-2.html]
[www.convertcsv.com/docs/cli/_sources/csv2xmlcmd.rst.txt]
[www.convertcsv.com/docs/cli/csv2xmlcmd.html]
[www.convertcsv.com/docs/cli/_sources/json2csvcmd.rst.txt]
[www.convertcsv.com/docs/cli/json2csvcmd.html]
[www.convertcsv.com/docs/cli/_sources/xml2csvcmd.rst.txt]
[www.convertcsv.com/docs/cli/xml2csvcmd.html]
[www.convertcsv.com/docs/cli/_sources/license.rst.txt]
[www.convertcsv.com/docs/cli/license.html]
[www.convertcsv.com/docs/cli/audins.html]
[www.convertcsv.com/oldsite/GET.html]
[www.convertcsv.com/oldsite/js/blob.js]
[www.convertcsv.com/oldsite/js/filesaver.js]
[www.convertcsv.com/oldsite/js/storagesup.js]
[www.convertcsv.com/oldsite/strsupbea6.js]
[www.convertcsv.com/oldsite/localreadbea6.js]
[www.convertcsv.com/oldsite/csvparsebea6.js]
[www.convertcsv.com/oldsite/csvsup7893.js]
[www.convertcsv.com/oldsite/js/custom3860.css]
[www.convertcsv.com/oldsite/js/csvlinksbea6.js]
[www.convertcsv.com/oldsite/fixed-width-to-csv.html]
[www.convertcsv.com/js/footer.js]
[www.convertcsv.com/oldsite/geojson-to-csv.html]
[www.convertcsv.com/oldsite/json2e42d.js]
[www.convertcsv.com/oldsite/html-links-to-csv.html]
[www.convertcsv.com/oldsite/json2.js]
[www.convertcsv.com/oldsite/csvsup1eb0.js]
[www.convertcsv.com/oldsite/window.location.href]
[www.convertcsv.com/oldsite/html-table-to-csv.html]
[www.convertcsv.com/oldsite/json-to-csv.html]
[www.convertcsv.com/oldsite/json267d9.js]
[www.convertcsv.com/oldsite/kml-to-csv.html]
[www.convertcsv.com/oldsite/js/x2js.js]
[www.convertcsv.com/oldsite/js/csvdatesup.js]
[www.convertcsv.com/oldsite/sql-to-csv.html]
[www.convertcsv.com/oldsite/sql.js]
[www.convertcsv.com/oldsite/js/jQuery-csv.js]
[www.convertcsv.com/oldsite/xml-to-csv.html]
[www.convertcsv.com/oldsite/csv-to-xml.html]
[www.convertcsv.com/oldsite/yaml-to-csv.html]
[www.convertcsv.com/oldsite/csv-to-csv.html]
[www.convertcsv.com/oldsite/js/yaml5e1f.js]
[www.convertcsv.com/oldsite/csv-to-flat-file.html]
[www.convertcsv.com/oldsite/csvsup4290.js]
[www.convertcsv.com/oldsite/json23860.js]
[www.convertcsv.com/oldsite/js/spin.min.js]
[www.convertcsv.com/oldsite/js/spinit.js]
[www.convertcsv.com/oldsite/csv-to-geojson.html]
[www.convertcsv.com/oldsite/csv-to-html.html]
[www.convertcsv.com/oldsite/js/mapsup68b3.js]
[www.convertcsv.com/oldsite/csv-to-json.html]
[www.convertcsv.com/oldsite/csv-to-kml.html]
[www.convertcsv.com/oldsite/js/csvsup23860.js]
[www.convertcsv.com/oldsite/csv-to-markdown.html]
[www.convertcsv.com/oldsite/csv-to-multiline-data.html]
[www.convertcsv.com/oldsite/strsup8e0e.js]
[www.convertcsv.com/oldsite/js/pdfmake.min.js]
[www.convertcsv.com/oldsite/js/vfs_fonts.js]
[www.convertcsv.com/oldsite/convertcsv.pdf]
[www.convertcsv.com/oldsite/csv-to-pdf.html]
[www.convertcsv.com/oldsite/csv-to-sql.html]
[www.convertcsv.com/oldsite/csv-to-yaml.html]
[www.convertcsv.com/oldsite/csv-escape-tool.html]
[www.convertcsv.com/oldsite/pivot-csv.html]
[www.convertcsv.com/oldsite/csv-viewer-editor.html]
[www.convertcsv.com/oldsite/csvsup-readable.js]
[www.convertcsv.com/oldsite/transpose-csv.html]
[www.convertcsv.com/oldsite/csv-to-template-output.html]
[www.convertcsv.com/oldsite/js/csvlinks1bce.js]
[www.convertcsv.com/oldsite/generate-test-data.html]
[www.convertcsv.com/oldsite/email-extractor.html]
[www.convertcsv.com/oldsite/phone-extractor.html]
[www.convertcsv.com/oldsite/url-extractor.html]
[www.convertcsv.com/oldsite/js/chance.js]
[www.convertcsv.com/oldsite/query-csv.html]
[www.convertcsv.com/oldsite/audins.html]
[www.convertcsv.com/newsite/get-2.html]
[www.convertcsv.com/newsite/The prompt not realized for Node.html]
[www.convertcsv.com/newsite/zlib/deflate.html]
[www.convertcsv.com/newsite/zlib/inflate.html]
[www.convertcsv.com/newsite/ABCDEFGHIJKLMNOPQRSTUVWXYZabcdefghijklmnopqrstuvwxyz0123456789+/index.html]
[www.convertcsv.com/newsite/META-INF/manifest.html]
[www.convertcsv.com/newsite/content.html]
[www.convertcsv.com/newsite/meta.html]
[www.convertcsv.com/newsite/styles.html]
[www.convertcsv.com/newsite/objectdata.html]
[www.convertcsv.com/newsite/[Content_Types].html]
[www.convertcsv.com/newsite/xl/workbook.html]
[www.convertcsv.com/newsite/xl/worksheets/sheet.html]
[www.convertcsv.com/newsite/docProps/core.html]
[www.convertcsv.com/newsite/docProps/app.html]
[www.convertcsv.com/newsite/docProps/custom.html]
[www.convertcsv.com/newsite/xl/theme/theme1.html]
[www.convertcsv.com/newsite/theme/theme1.html]
[www.convertcsv.com/newsite/isDSTShifted is deprecated. See http_/momentjs.com/guides/index.html]
[www.convertcsv.com/newsite/HEAD.html]
[www.convertcsv.com/EDATool/Popover requires tooltip-2.html]
[www.convertcsv.com/EDATool/zlib/deflate-2.html]
[www.convertcsv.com/EDATool/zlib/inflate-2.html]
[www.convertcsv.com/EDATool/docProps/core-2.html]
[www.convertcsv.com/EDATool/docProps/app-2.html]
[www.convertcsv.com/EDATool/docProps/custom-2.html]
[www.convertcsv.com/EDATool/xl/theme/theme1-2.html]
[www.convertcsv.com/EDATool/theme/theme1-2.html]
[www.convertcsv.com/EDATool/[Content_Types]-2.html]
[www.convertcsv.com/EDATool/chart-2.html]
[www.convertcsv.com/EDATool/_js/vendor/twitter-bootstrap/fonts/glyphicons-halflings-regular-2.html]
[www.convertcsv.com/EDATool/_js/vendor/twitter-bootstrap/fonts/glyphicons-halflings-regular-2.svg]
[www.convertcsv.com/EDATool/_js/vendor/images/missing-data-2.html]
[www.convertcsv.com/docs/_sources/license.rst.html]
[cdn.jsdelivr.net/alasql/0.3.9/alasql.min.js]
[www.convertcsv.com/docs/desktop/_static/file.png]
[www.convertcsv.com/docs/desktop/_static/basic.css]
[www.convertcsv.com/docs/desktop/minus.html]
[www.convertcsv.com/docs/desktop/index-2.html]
[www.convertcsv.com/docs/cli/_static/file.png]
[www.convertcsv.com/docs/cli/_static/basic.css]
[www.convertcsv.com/docs/cli/minus.html]
[www.convertcsv.com/docs/cli/_static/searchtools.js]
[www.convertcsv.com/docs/cli/searchindex.js]
[www.convertcsv.com/docs/cli/index-2.html]
[www.convertcsv.com/docs/cli/_sources/csv2xmlcmd.rst.html]
[www.convertcsv.com/docs/cli/_sources/json2csvcmd.rst.html]
[www.convertcsv.com/docs/cli/_sources/xml2csvcmd.rst.html]
[www.convertcsv.com/docs/cli/_sources/license.rst.html]
[www.convertcsv.com/oldsite/js/blob.js]
[www.convertcsv.com/oldsite/FileSaver.js]
[www.convertcsv.com/oldsite/js/filesaver.js]
[www.convertcsv.com/oldsite/js/storagesup.js]
[www.convertcsv.com/oldsite/strsupbea6.js]
[www.convertcsv.com/docs/cli/index/index.html]
[www.convertcsv.com/oldsite/get]
[www.convertcsv.com/oldsite/localreadbea6.js]
[www.convertcsv.com/oldsite/csvparsebea6.js]
[www.convertcsv.com/oldsite/csvsup7893.js]
[www.convertcsv.com/oldsite/js/custom3860.css]
[www.convertcsv.com/oldsite/js/csvlinksbea6.js]
[www.convertcsv.com/js/footer.js]
[www.convertcsv.com/oldsite/json2e42d.js]
[www.convertcsv.com/oldsite/json2.js]
[www.convertcsv.com/oldsite/csvsup1eb0.js]
[www.convertcsv.com/oldsite/window.location.html]
[www.convertcsv.com/oldsite/json267d9.js]
[www.convertcsv.com/oldsite/js/x2js.js]
[www.convertcsv.com/oldsite/js/csvdatesup.js]
[www.convertcsv.com/oldsite/changelog.html]
[www.convertcsv.com/oldsite/HEAD]
[www.convertcsv.com/oldsite/sql.js]
[www.convertcsv.com/oldsite/js/jQuery-csv.js]
[www.convertcsv.com/oldsite/csv-to-xml.html]
[www.convertcsv.com/oldsite/js/yaml5e1f.js]
[www.convertcsv.com/oldsite/csvsup4290.js]
[www.convertcsv.com/oldsite/json23860.js]
[www.convertcsv.com/oldsite/js/spin.min.js]
[www.convertcsv.com/oldsite/js/spinit.js]
[www.convertcsv.com/oldsite/js/mapsup68b3.js]
[www.convertcsv.com/oldsite/js/csvsup23860.js]
[www.convertcsv.com/oldsite/strsup8e0e.js]
[www.convertcsv.com/oldsite/js/pdfmake.min.js]
[www.convertcsv.com/oldsite/js/vfs_fonts.js]
[www.convertcsv.com/oldsite/convertcsv.html]
[www.convertcsv.com/oldsite/csvsup-readable.js]
[www.convertcsv.com/oldsite/js/csvlinks1bce.js]
[www.convertcsv.com/oldsite/js/chance.js]
[www.convertcsv.com/docs/desktop/_static/file.html]
[www.convertcsv.com/docs/cli/index/index.html]
[www.convertcsv.com/oldsite/FileSaver.html]
[www.convertcsv.com/oldsite/get-2.html]
[www.convertcsv.com/oldsite/ABCDEFGHIJKLMNOPQRSTUVWXYZabcdefghijklmnopqrstuvwxyz0123456789+/index.html]
[www.convertcsv.com/oldsite/Styles/tool-pages.css]
[www.convertcsv.com/oldsite/Styles/main.css]
[www.convertcsv.com/oldsite/index-2.html]
[www.convertcsv.com/oldsite/Contact ConvertCsv.com.html]
[www.convertcsv.com/oldsite/PrivacyPolicy.html]
[www.convertcsv.com/oldsite/Convertcsv.com Change Log.html]
[www.convertcsv.com/oldsite/terms-of-use.html]
[www.convertcsv.com/oldsite/changelog.html]
[www.convertcsv.com/oldsite/HEAD.html]
[www.convertcsv.com/oldsite/ABCDEFGHIJKLMNOPQRSTUVWXYZabcdefghijklmnopqrstuvwxyz0123456789+/index.html]
[www.convertcsv.com/oldsite/Styles/tool-pages.html]
[www.convertcsv.com/oldsite/Styles/main.html]
[www.convertcsv.com/oldsite/index-2.html]
[www.convertcsv.com/oldsite/Contact ConvertCsv.com.html]
[www.convertcsv.com/oldsite/PrivacyPolicy.html]
[www.convertcsv.com/oldsite/Convertcsv.com Change Log.html]
[www.convertcsv.com/oldsite/JS/main-ui.js]
[www.convertcsv.com/oldsite/terms-of-use.html]
[www.convertcsv.com/oldsite/JS/main-ui.js]
[www.convertcsv.com/oldsite/contact.html]
[www.convertcsv.com/oldsite/ChangeLog-2.html]
[www.convertcsv.com/oldsite/contact.html]
[www.convertcsv.com/oldsite/ChangeLog-2.html]
[www.convertcsv.com/oldsite/js/main-ui-2.js]
[www.convertcsv.com/oldsite/js/main-ui-2.js]
